U10 historical host-pressure observations

Source: /tmp/u10-evidence/host-pressure.log
Original timestamp offsets retained; no new host measurements.
Sanitized extraction: uptime and login counts omitted; only load averages,
available memory, and swap total/used/free retained from each observation.
Memory and swap values are bytes, as in the original output.
This log contains neither the initial snapshot nor gate-process checkpoints.

2026-09-27T20:14:38+09:00
load_average: 4.31, 2.85, 1.64
memory_available_bytes: 35957166080
swap_total_used_free_bytes: 8589930496 8476917760 113012736

2026-09-27T20:15:08+09:00
load_average: 4.77, 3.08, 1.75
memory_available_bytes: 34159075328
swap_total_used_free_bytes: 8589930496 8589930496 0

2026-09-27T20:15:38+09:00
load_average: 6.87, 3.80, 2.04
memory_available_bytes: 35022159872
swap_total_used_free_bytes: 8589930496 8589918208 12288

2026-09-27T20:16:09+09:00
load_average: 7.56, 4.29, 2.26
memory_available_bytes: 36752134144
swap_total_used_free_bytes: 8589930496 8589881344 49152

2026-09-27T20:16:39+09:00
load_average: 7.65, 4.63, 2.44
memory_available_bytes: 36106919936
swap_total_used_free_bytes: 8589930496 8589869056 61440

2026-09-27T20:17:09+09:00
load_average: 5.77, 4.49, 2.46
memory_available_bytes: 36535152640
swap_total_used_free_bytes: 8589930496 8589864960 65536

2026-09-27T20:17:39+09:00
load_average: 5.27, 4.46, 2.52
memory_available_bytes: 36041510912
swap_total_used_free_bytes: 8589930496 8589819904 110592

2026-09-27T20:18:09+09:00
load_average: 6.08, 4.77, 2.69
memory_available_bytes: 35810435072
swap_total_used_free_bytes: 8589930496 8589811712 118784

2026-09-27T20:18:39+09:00
load_average: 4.72, 4.58, 2.69
memory_available_bytes: 36445786112
swap_total_used_free_bytes: 8589930496 8589803520 126976

2026-09-27T20:19:09+09:00
load_average: 4.05, 4.44, 2.71
memory_available_bytes: 35904720896
swap_total_used_free_bytes: 8589930496 8589803520 126976

2026-09-27T20:19:39+09:00
load_average: 4.51, 4.56, 2.80
memory_available_bytes: 36444741632
swap_total_used_free_bytes: 8589930496 8589770752 159744

2026-09-27T20:20:09+09:00
load_average: 4.27, 4.50, 2.84
memory_available_bytes: 36003115008
swap_total_used_free_bytes: 8589930496 8589770752 159744

2026-09-27T20:20:39+09:00
load_average: 6.31, 4.92, 3.03
memory_available_bytes: 36054294528
swap_total_used_free_bytes: 8589930496 8589770752 159744

2026-09-27T20:21:09+09:00
load_average: 5.98, 5.03, 3.13
memory_available_bytes: 36301066240
swap_total_used_free_bytes: 8589930496 8589762560 167936

2026-09-27T20:21:39+09:00
load_average: 6.95, 5.35, 3.31
memory_available_bytes: 36013563904
swap_total_used_free_bytes: 8589930496 8589754368 176128

2026-09-27T20:22:09+09:00
load_average: 4.75, 4.96, 3.24
memory_available_bytes: 36217180160
swap_total_used_free_bytes: 8589930496 8589750272 180224

2026-09-27T20:22:39+09:00
load_average: 4.30, 4.84, 3.26
memory_available_bytes: 35500195840
swap_total_used_free_bytes: 8589930496 8589733888 196608

2026-09-27T20:23:09+09:00
load_average: 5.30, 4.99, 3.36
memory_available_bytes: 36046716928
swap_total_used_free_bytes: 8589930496 8589717504 212992

2026-09-27T20:23:39+09:00
load_average: 7.09, 5.41, 3.55
memory_available_bytes: 35947945984
swap_total_used_free_bytes: 8589930496 8589000704 929792

2026-09-27T20:24:09+09:00
load_average: 7.76, 5.74, 3.72
memory_available_bytes: 36974739456
swap_total_used_free_bytes: 8589930496 8589705216 225280

2026-09-27T20:24:39+09:00
load_average: 5.60, 5.40, 3.67
memory_available_bytes: 36274647040
swap_total_used_free_bytes: 8589930496 8589692928 237568

2026-09-27T20:25:09+09:00
load_average: 7.39, 5.84, 3.87
memory_available_bytes: 36793483264
swap_total_used_free_bytes: 8589930496 8589651968 278528

2026-09-27T20:25:39+09:00
load_average: 7.98, 6.12, 4.02
memory_available_bytes: 34999767040
swap_total_used_free_bytes: 8589930496 8589901824 28672

2026-09-27T20:26:09+09:00
load_average: 6.79, 6.01, 4.05
memory_available_bytes: 36095877120
swap_total_used_free_bytes: 8589930496 8589893632 36864

2026-09-27T20:26:39+09:00
load_average: 6.36, 5.95, 4.09
memory_available_bytes: 35125317632
swap_total_used_free_bytes: 8589930496 8588673024 1257472

2026-09-27T20:27:09+09:00
load_average: 4.64, 5.58, 4.03
memory_available_bytes: 35769942016
swap_total_used_free_bytes: 8589930496 8589713408 217088

2026-09-27T20:27:39+09:00
load_average: 5.34, 5.68, 4.11
memory_available_bytes: 35462012928
swap_total_used_free_bytes: 8589930496 8589930496 0

2026-09-27T20:28:09+09:00
load_average: 4.57, 5.47, 4.09
memory_available_bytes: 36293758976
swap_total_used_free_bytes: 8589930496 8589832192 98304

2026-09-27T20:28:39+09:00
load_average: 4.68, 5.42, 4.12
memory_available_bytes: 36028080128
swap_total_used_free_bytes: 8589930496 8589819904 110592

2026-09-27T20:29:10+09:00
load_average: 6.36, 5.74, 4.27
memory_available_bytes: 34467033088
swap_total_used_free_bytes: 8589930496 8589819904 110592

2026-09-27T20:29:40+09:00
load_average: 6.09, 5.77, 4.33
memory_available_bytes: 34423345152
swap_total_used_free_bytes: 8589930496 8587927552 2002944

2026-09-27T20:30:10+09:00
load_average: 6.64, 5.92, 4.42
memory_available_bytes: 34754793472
swap_total_used_free_bytes: 8589930496 8587927552 2002944

2026-09-27T20:30:40+09:00
load_average: 5.72, 5.75, 4.41
memory_available_bytes: 34831048704
swap_total_used_free_bytes: 8589930496 8589111296 819200

2026-09-27T20:31:10+09:00
load_average: 5.28, 5.67, 4.43
memory_available_bytes: 35843809280
swap_total_used_free_bytes: 8589930496 8589094912 835584

2026-09-27T20:31:40+09:00
load_average: 5.86, 5.80, 4.51
memory_available_bytes: 35133730816
swap_total_used_free_bytes: 8589930496 8589053952 876544

2026-09-27T20:32:10+09:00
load_average: 6.91, 6.13, 4.67
memory_available_bytes: 34524524544
swap_total_used_free_bytes: 8589930496 8589930496 0

2026-09-27T20:32:40+09:00
load_average: 7.72, 6.39, 4.80
memory_available_bytes: 34488344576
swap_total_used_free_bytes: 8589930496 8589922304 8192

2026-09-27T20:33:10+09:00
load_average: 7.54, 6.53, 4.91
memory_available_bytes: 34596913152
swap_total_used_free_bytes: 8589930496 8589852672 77824

2026-09-27T20:33:40+09:00
load_average: 5.86, 6.22, 4.86
memory_available_bytes: 35518898176
swap_total_used_free_bytes: 8589930496 8589848576 81920

2026-09-27T20:34:10+09:00
load_average: 7.58, 6.56, 5.01
memory_available_bytes: 34926252032
swap_total_used_free_bytes: 8589930496 8589099008 831488
